// Jest Snapshot v1, https://goo.gl/fbAQLP

exports[`Separator renders correctly 1`] = `
<View
  style={
    Object {
      "backgroundColor": "gray",
      "height": 1,
    }
  }
/>
`;
